// Jest Snapshot v1, https://goo.gl/fbAQLP

exports[`Testing Login screen Render screen successfully 1`] = `
<RNCSafeAreaView
  edges={
    {
      "bottom": "additive",
      "left": "additive",
      "right": "additive",
      "top": "additive",
    }
  }
  style={
    {
      "backgroundColor": "#33907C",
      "flex": 1,
      "justifyContent": "center",
      "paddingHorizontal": 32,
    }
  }
>
  <View
    style={
      {
        "alignItems": "center",
        "rowGap": 50,
      }
    }
  >
    <Text
      style={
        [
          {
            "color": "#fff",
            "fontFamily": "Montserrat_700Bold",
            "fontSize": 24,
          },
          {
            "fontFamily": "Montserrat_500Medium",
          },
          undefined,
        ]
      }
    >
      Welcome to tradly
    </Text>
    <Text
      style={
        [
          {
            "color": "#fff",
            "fontFamily": "Montserrat_400Regular",
          },
          {
            "fontSize": 16,
          },
          undefined,
        ]
      }
    >
      Login to your account
    </Text>
  </View>
  <View
    onLayout={[Function]}
    style={
      [
        {
          "marginVertical": 35,
          "rowGap": 10,
        },
        {
          "paddingBottom": 0,
        },
      ]
    }
  >
    <View>
      <TextInput
        onBlur={[Function]}
        onChangeText={[Function]}
        onFocus={[Function]}
        placeholder="Email/Mobile Number"
        placeholderTextColor="#fff"
        style={
          [
            {
              "borderColor": "#fff",
              "borderRadius": 50,
              "borderWidth": 1,
              "color": "#fff",
              "fontFamily": "Montserrat_400Regular",
              "fontSize": 18,
              "paddingLeft": 15,
              "paddingVertical": 12,
            },
            {},
            undefined,
          ]
        }
        value=""
      />
      <View
        style={
          {
            "height": 20,
          }
        }
      />
    </View>
    <View>
      <TextInput
        onBlur={[Function]}
        onChangeText={[Function]}
        onFocus={[Function]}
        placeholder="Password"
        placeholderTextColor="#fff"
        secureTextEntry={true}
        style={
          [
            {
              "borderColor": "#fff",
              "borderRadius": 50,
              "borderWidth": 1,
              "color": "#fff",
              "fontFamily": "Montserrat_400Regular",
              "fontSize": 18,
              "paddingLeft": 15,
              "paddingVertical": 12,
            },
            {},
            undefined,
          ]
        }
        value=""
      />
      <View
        style={
          {
            "height": 20,
          }
        }
      />
    </View>
  </View>
  <View
    accessibilityState={
      {
        "busy": undefined,
        "checked": undefined,
        "disabled": undefined,
        "expanded": undefined,
        "selected": undefined,
      }
    }
    accessibilityValue={
      {
        "max": undefined,
        "min": undefined,
        "now": undefined,
        "text": undefined,
      }
    }
    accessible={true}
    collapsable={false}
    focusable={true}
    onClick={[Function]}
    onResponderGrant={[Function]}
    onResponderMove={[Function]}
    onResponderRelease={[Function]}
    onResponderTerminate={[Function]}
    onResponderTerminationRequest={[Function]}
    onStartShouldSetResponder={[Function]}
    style={
      {
        "backgroundColor": "#fff",
        "borderColor": "transparent",
        "borderRadius": 50,
        "borderWidth": 2,
        "marginBottom": 30,
        "opacity": 1,
        "paddingVertical": 13,
      }
    }
  >
    <View
      style={
        {
          "alignItems": "center",
          "columnGap": 6,
          "display": "flex",
          "flexDirection": "row",
          "justifyContent": "center",
        }
      }
    >
      <Text
        style={
          [
            {
              "color": "#fff",
              "fontFamily": "Montserrat_400Regular",
            },
            {
              "fontSize": 16,
            },
            [
              {
                "color": "#33907C",
              },
              {
                "fontFamily": "Montserrat_500Medium",
                "textAlign": "center",
                "textTransform": "capitalize",
              },
              undefined,
            ],
          ]
        }
      >
        login
      </Text>
    </View>
  </View>
  <View
    style={
      {
        "alignItems": "center",
        "rowGap": 45,
      }
    }
  >
    <Text
      style={
        [
          {
            "color": "#fff",
            "fontFamily": "Montserrat_400Regular",
          },
          {
            "fontSize": 18,
          },
          undefined,
        ]
      }
    >
      Forgot your password?
    </Text>
    <View
      style={
        {
          "alignItems": "center",
          "columnGap": 4,
          "flexDirection": "row",
        }
      }
    >
      <Text
        style={
          [
            {
              "color": "#fff",
              "fontFamily": "Montserrat_400Regular",
            },
            {
              "fontSize": 18,
            },
            undefined,
          ]
        }
      >
        Don't have an account?
      </Text>
      <View
        accessibilityState={
          {
            "busy": undefined,
            "checked": undefined,
            "disabled": undefined,
            "expanded": undefined,
            "selected": undefined,
          }
        }
        accessibilityValue={
          {
            "max": undefined,
            "min": undefined,
            "now": undefined,
            "text": undefined,
          }
        }
        accessible={true}
        collapsable={false}
        focusable={true}
        onClick={[Function]}
        onResponderGrant={[Function]}
        onResponderMove={[Function]}
        onResponderRelease={[Function]}
        onResponderTerminate={[Function]}
        onResponderTerminationRequest={[Function]}
        onStartShouldSetResponder={[Function]}
        style={
          {
            "backgroundColor": "transparent",
            "borderColor": "transparent",
            "borderRadius": 50,
            "borderWidth": 2,
            "opacity": 1,
            "paddingVertical": 13,
          }
        }
      >
        <View
          style={
            {
              "alignItems": "center",
              "columnGap": 6,
              "display": "flex",
              "flexDirection": "row",
              "justifyContent": "center",
            }
          }
        >
          <Text
            style={
              [
                {
                  "color": "#fff",
                  "fontFamily": "Montserrat_400Regular",
                },
                {
                  "fontSize": 16,
                },
                [
                  {
                    "color": "#fff",
                  },
                  {
                    "fontFamily": "Montserrat_500Medium",
                    "textAlign": "center",
                    "textTransform": "capitalize",
                  },
                  {
                    "fontFamily": "Montserrat_600SemiBold",
                    "fontSize": 18,
                    "textTransform": "none",
                  },
                ],
              ]
            }
          >
            Sign up
          </Text>
        </View>
      </View>
    </View>
  </View>
</RNCSafeAreaView>
`;
