// Jest Snapshot v1, https://goo.gl/fbAQLP

exports[`Render heading component 1`] = `
<Text
  style={
    [
      {
        "color": "#fff",
        "fontFamily": "Montserrat_700Bold",
        "fontSize": 24,
      },
      {
        "fontFamily": "Montserrat_500Medium",
      },
      undefined,
    ]
  }
>
  my heading
</Text>
`;
