// Jest Snapshot v1, https://goo.gl/fbAQLP

exports[`Testing Error Message component Render component successfully 1`] = `
<View
  style={
    {
      "height": 20,
    }
  }
>
  <Text
    style={
      [
        {
          "color": "#fff",
          "fontFamily": "Montserrat_700Bold",
          "fontSize": 24,
        },
        false,
        [
          {
            "color": "#ff5880",
            "fontSize": 13,
            "lineHeight": 20,
            "paddingLeft": 20,
          },
          undefined,
        ],
      ]
    }
  >
    error
  </Text>
</View>
`;
