// Jest Snapshot v1, https://goo.gl/fbAQLP

exports[`Testing tab icon component Render icon successfully 1`] = `
<Image
  source={
    {
      "testUri": "../../../assets/tab/home.png",
    }
  }
  style={
    [
      {
        "height": 24,
        "width": 24,
      },
      {
        "tintColor": "#000",
      },
      undefined,
    ]
  }
/>
`;
