// Jest Snapshot v1, https://goo.gl/fbAQLP

exports[`Testing Cart item component Render Cart item successfully 1`] = `
<View
  accessibilityState={
    {
      "busy": undefined,
      "checked": undefined,
      "disabled": undefined,
      "expanded": undefined,
      "selected": undefined,
    }
  }
  accessibilityValue={
    {
      "max": undefined,
      "min": undefined,
      "now": undefined,
      "text": undefined,
    }
  }
  accessible={true}
  collapsable={false}
  focusable={false}
  onClick={[Function]}
  onResponderGrant={[Function]}
  onResponderMove={[Function]}
  onResponderRelease={[Function]}
  onResponderTerminate={[Function]}
  onResponderTerminationRequest={[Function]}
  onStartShouldSetResponder={[Function]}
  style={
    {
      "backgroundColor": "#fff",
      "opacity": 1,
      "paddingBottom": 12,
      "paddingLeft": 16,
      "paddingTop": 29,
    }
  }
>
  <View
    style={
      {
        "flexDirection": "row",
        "gap": 15,
      }
    }
  >
    <Image
      source={
        {
          "testUri": "../../../assets/cart/item.png",
        }
      }
      style={
        {
          "borderRadius": 10,
          "height": 102,
          "width": 102,
        }
      }
    />
    <View
      style={
        {
          "justifyContent": "center",
          "rowGap": 12.5,
        }
      }
    >
      <Text
        style={
          [
            {
              "color": "#fff",
              "fontFamily": "Montserrat_400Regular",
            },
            {
              "fontSize": 14,
            },
            {
              "color": "#4f4f4f",
              "fontFamily": "Montserrat_500Medium",
              "textTransform": "capitalize",
            },
          ]
        }
      >
        coca cola
      </Text>
      <View
        style={
          [
            {
              "alignItems": "center",
              "columnGap": 4,
              "flexDirection": "row",
            },
          ]
        }
      >
        <Text
          numberOfLines={1}
          style={
            [
              {
                "color": "#fff",
                "fontFamily": "Montserrat_400Regular",
              },
              {
                "fontSize": 14,
              },
              {
                "color": "#33907C",
                "fontFamily": "Montserrat_700Bold",
                "fontSize": 18,
              },
            ]
          }
        >
          $25
        </Text>
        <Text
          numberOfLines={1}
          style={
            [
              {
                "color": "#fff",
                "fontFamily": "Montserrat_400Regular",
              },
              {
                "fontSize": 14,
              },
              [
                {
                  "color": "#4f4f4f",
                  "fontFamily": "Montserrat_500Medium",
                  "textTransform": "capitalize",
                },
                {
                  "textDecorationLine": "line-through",
                },
              ],
            ]
          }
        >
          $50
        </Text>
        <Text
          numberOfLines={1}
          style={
            [
              {
                "color": "#fff",
                "fontFamily": "Montserrat_400Regular",
              },
              {
                "fontSize": 14,
              },
              {
                "color": "#4f4f4f",
                "fontFamily": "Montserrat_500Medium",
                "textTransform": "capitalize",
              },
            ]
          }
        >
          50% off
        </Text>
      </View>
      <Text
        style={
          [
            {
              "color": "#fff",
              "fontFamily": "Montserrat_400Regular",
            },
            {
              "fontSize": 14,
            },
            {
              "color": "#4f4f4f",
              "fontFamily": "Montserrat_500Medium",
              "textTransform": "capitalize",
            },
          ]
        }
      >
        qty: 1
      </Text>
    </View>
  </View>
</View>
`;
