// Jest Snapshot v1, https://goo.gl/fbAQLP

exports[`Testing Order Detail screen Render screen successfully 1`] = `
<RCTScrollView
  contentContainerStyle={
    {
      "backgroundColor": "#f6f9ff",
    }
  }
  showsVerticalScrollIndicator={false}
>
  <View>
    <View
      style={
        {
          "alignItems": "center",
          "paddingVertical": 30,
        }
      }
    >
      <Image
        source={
          {
            "testUri": "../../../assets/order/done.png",
          }
        }
      />
      <Text
        style={
          [
            {
              "color": "#fff",
              "fontFamily": "Montserrat_700Bold",
              "fontSize": 24,
            },
            false,
            {
              "color": "#4f4f4f",
            },
          ]
        }
      >
        Thanks for Order
      </Text>
    </View>
    <View>
      <View
        accessibilityState={
          {
            "busy": undefined,
            "checked": undefined,
            "disabled": undefined,
            "expanded": undefined,
            "selected": undefined,
          }
        }
        accessibilityValue={
          {
            "max": undefined,
            "min": undefined,
            "now": undefined,
            "text": undefined,
          }
        }
        accessible={true}
        collapsable={false}
        focusable={false}
        onClick={[Function]}
        onResponderGrant={[Function]}
        onResponderMove={[Function]}
        onResponderRelease={[Function]}
        onResponderTerminate={[Function]}
        onResponderTerminationRequest={[Function]}
        onStartShouldSetResponder={[Function]}
        style={
          {
            "backgroundColor": "#fff",
            "opacity": 1,
            "paddingBottom": 12,
            "paddingLeft": 16,
            "paddingTop": 29,
          }
        }
      >
        <View
          style={
            {
              "flexDirection": "row",
              "gap": 15,
            }
          }
        >
          <Image
            source={
              {
                "testUri": "../../../assets/cart/item.png",
              }
            }
            style={
              {
                "borderRadius": 10,
                "height": 102,
                "width": 102,
              }
            }
          />
          <View
            style={
              {
                "justifyContent": "center",
                "rowGap": 12.5,
              }
            }
          >
            <Text
              style={
                [
                  {
                    "color": "#fff",
                    "fontFamily": "Montserrat_400Regular",
                  },
                  {
                    "fontSize": 14,
                  },
                  {
                    "color": "#4f4f4f",
                    "fontFamily": "Montserrat_500Medium",
                    "textTransform": "capitalize",
                  },
                ]
              }
            >
              coca cola
            </Text>
            <View
              style={
                [
                  {
                    "alignItems": "center",
                    "columnGap": 4,
                    "flexDirection": "row",
                  },
                ]
              }
            >
              <Text
                numberOfLines={1}
                style={
                  [
                    {
                      "color": "#fff",
                      "fontFamily": "Montserrat_400Regular",
                    },
                    {
                      "fontSize": 14,
                    },
                    {
                      "color": "#33907C",
                      "fontFamily": "Montserrat_700Bold",
                      "fontSize": 18,
                    },
                  ]
                }
              >
                $25
              </Text>
              <Text
                numberOfLines={1}
                style={
                  [
                    {
                      "color": "#fff",
                      "fontFamily": "Montserrat_400Regular",
                    },
                    {
                      "fontSize": 14,
                    },
                    [
                      {
                        "color": "#4f4f4f",
                        "fontFamily": "Montserrat_500Medium",
                        "textTransform": "capitalize",
                      },
                      {
                        "textDecorationLine": "line-through",
                      },
                    ],
                  ]
                }
              >
                $50
              </Text>
              <Text
                numberOfLines={1}
                style={
                  [
                    {
                      "color": "#fff",
                      "fontFamily": "Montserrat_400Regular",
                    },
                    {
                      "fontSize": 14,
                    },
                    {
                      "color": "#4f4f4f",
                      "fontFamily": "Montserrat_500Medium",
                      "textTransform": "capitalize",
                    },
                  ]
                }
              >
                50% off
              </Text>
            </View>
            <Text
              style={
                [
                  {
                    "color": "#fff",
                    "fontFamily": "Montserrat_400Regular",
                  },
                  {
                    "fontSize": 14,
                  },
                  {
                    "color": "#4f4f4f",
                    "fontFamily": "Montserrat_500Medium",
                    "textTransform": "capitalize",
                  },
                ]
              }
            >
              qty: 1
            </Text>
          </View>
        </View>
      </View>
    </View>
    <View
      style={
        {
          "backgroundColor": "#fff",
          "marginBottom": 24,
          "marginTop": 16,
          "paddingLeft": 20,
          "paddingRight": 17,
        }
      }
    >
      <View
        style={
          {
            "marginVertical": 14,
            "rowGap": 10,
          }
        }
      >
        <Text
          style={
            [
              {
                "color": "#fff",
                "fontFamily": "Montserrat_700Bold",
                "fontSize": 24,
              },
              false,
              {
                "color": "#212121",
                "fontFamily": "Montserrat_600SemiBold",
                "fontSize": 16,
                "lineHeight": 20,
                "textTransform": "capitalize",
              },
            ]
          }
        >
          track order
        </Text>
        <Text
          style={
            [
              {
                "color": "#fff",
                "fontFamily": "Montserrat_400Regular",
              },
              {
                "fontSize": 14,
              },
              {
                "color": "#606a7b",
                "fontFamily": "Montserrat_500Medium",
                "lineHeight": 18,
              },
            ]
          }
        >
          Order ID - 123455
        </Text>
      </View>
      <View
        style={
          {
            "backgroundColor": "#33907C",
            "height": 3,
            "width": 70,
          }
        }
      />
      <View
        style={
          {
            "marginBottom": 12,
            "marginTop": 25,
            "rowGap": 42,
          }
        }
      >
        <View
          style={
            [
              {
                "rowGap": 6,
              },
              undefined,
            ]
          }
        >
          <View
            style={
              [
                {
                  "alignItems": "center",
                  "columnGap": 4,
                  "flexDirection": "row",
                },
                {
                  "justifyContent": "space-between",
                },
              ]
            }
          >
            <Text
              style={
                [
                  {
                    "color": "#fff",
                    "fontFamily": "Montserrat_400Regular",
                  },
                  {
                    "fontSize": 14,
                  },
                  [
                    {
                      "color": "#606a7b",
                      "fontFamily": "Montserrat_500Medium",
                      "fontSize": 10,
                      "lineHeight": 18,
                    },
                    {
                      "color": "#212121",
                      "fontSize": 14,
                      "textTransform": "capitalize",
                    },
                  ],
                ]
              }
            >
              order placed
            </Text>
            <Text
              style={
                [
                  {
                    "color": "#fff",
                    "fontFamily": "Montserrat_400Regular",
                  },
                  {
                    "fontSize": 14,
                  },
                  {
                    "color": "#606a7b",
                    "fontFamily": "Montserrat_500Medium",
                    "fontSize": 10,
                    "lineHeight": 18,
                  },
                ]
              }
            >
              08/05/2019
            </Text>
          </View>
          <View
            style={
              [
                {
                  "alignItems": "center",
                  "columnGap": 4,
                  "flexDirection": "row",
                },
                {
                  "justifyContent": "space-between",
                },
              ]
            }
          >
            <Text
              style={
                [
                  {
                    "color": "#fff",
                    "fontFamily": "Montserrat_400Regular",
                  },
                  {
                    "fontSize": 14,
                  },
                  {
                    "color": "#606a7b",
                    "fontFamily": "Montserrat_500Medium",
                    "fontSize": 10,
                    "lineHeight": 18,
                  },
                ]
              }
            >
              Order#123455 from Fashion Point
            </Text>
            <Text
              style={
                [
                  {
                    "color": "#fff",
                    "fontFamily": "Montserrat_400Regular",
                  },
                  {
                    "fontSize": 14,
                  },
                  {
                    "color": "#606a7b",
                    "fontFamily": "Montserrat_500Medium",
                    "fontSize": 10,
                    "lineHeight": 18,
                  },
                ]
              }
            >
              11:30 AM
            </Text>
          </View>
        </View>
        <View
          style={
            [
              {
                "rowGap": 6,
              },
              undefined,
            ]
          }
        >
          <View
            style={
              [
                {
                  "alignItems": "center",
                  "columnGap": 4,
                  "flexDirection": "row",
                },
                {
                  "justifyContent": "space-between",
                },
              ]
            }
          >
            <Text
              style={
                [
                  {
                    "color": "#fff",
                    "fontFamily": "Montserrat_400Regular",
                  },
                  {
                    "fontSize": 14,
                  },
                  [
                    {
                      "color": "#606a7b",
                      "fontFamily": "Montserrat_500Medium",
                      "fontSize": 10,
                      "lineHeight": 18,
                    },
                    {
                      "color": "#212121",
                      "fontSize": 14,
                      "textTransform": "capitalize",
                    },
                  ],
                ]
              }
            >
              payment confirmed
            </Text>
            <Text
              style={
                [
                  {
                    "color": "#fff",
                    "fontFamily": "Montserrat_400Regular",
                  },
                  {
                    "fontSize": 14,
                  },
                  {
                    "color": "#606a7b",
                    "fontFamily": "Montserrat_500Medium",
                    "fontSize": 10,
                    "lineHeight": 18,
                  },
                ]
              }
            >
              08/05/2019
            </Text>
          </View>
          <View
            style={
              [
                {
                  "alignItems": "center",
                  "columnGap": 4,
                  "flexDirection": "row",
                },
                {
                  "justifyContent": "space-between",
                },
              ]
            }
          >
            <Text
              style={
                [
                  {
                    "color": "#fff",
                    "fontFamily": "Montserrat_400Regular",
                  },
                  {
                    "fontSize": 14,
                  },
                  {
                    "color": "#606a7b",
                    "fontFamily": "Montserrat_500Medium",
                    "fontSize": 10,
                    "lineHeight": 18,
                  },
                ]
              }
            >
              Payment Confirmed Status
            </Text>
            <Text
              style={
                [
                  {
                    "color": "#fff",
                    "fontFamily": "Montserrat_400Regular",
                  },
                  {
                    "fontSize": 14,
                  },
                  {
                    "color": "#606a7b",
                    "fontFamily": "Montserrat_500Medium",
                    "fontSize": 10,
                    "lineHeight": 18,
                  },
                ]
              }
            >
              11:30 AM
            </Text>
          </View>
        </View>
        <View
          style={
            [
              {
                "rowGap": 6,
              },
              undefined,
            ]
          }
        >
          <View
            style={
              [
                {
                  "alignItems": "center",
                  "columnGap": 4,
                  "flexDirection": "row",
                },
                {
                  "justifyContent": "space-between",
                },
              ]
            }
          >
            <Text
              style={
                [
                  {
                    "color": "#fff",
                    "fontFamily": "Montserrat_400Regular",
                  },
                  {
                    "fontSize": 14,
                  },
                  [
                    {
                      "color": "#606a7b",
                      "fontFamily": "Montserrat_500Medium",
                      "fontSize": 10,
                      "lineHeight": 18,
                    },
                    {
                      "color": "#212121",
                      "fontSize": 14,
                      "textTransform": "capitalize",
                    },
                  ],
                ]
              }
            >
              processed
            </Text>
            <Text
              style={
                [
                  {
                    "color": "#fff",
                    "fontFamily": "Montserrat_400Regular",
                  },
                  {
                    "fontSize": 14,
                  },
                  {
                    "color": "#606a7b",
                    "fontFamily": "Montserrat_500Medium",
                    "fontSize": 10,
                    "lineHeight": 18,
                  },
                ]
              }
            >
              08/05/2019
            </Text>
          </View>
          <View
            style={
              [
                {
                  "alignItems": "center",
                  "columnGap": 4,
                  "flexDirection": "row",
                },
                {
                  "justifyContent": "space-between",
                },
              ]
            }
          >
            <Text
              style={
                [
                  {
                    "color": "#fff",
                    "fontFamily": "Montserrat_400Regular",
                  },
                  {
                    "fontSize": 14,
                  },
                  {
                    "color": "#606a7b",
                    "fontFamily": "Montserrat_500Medium",
                    "fontSize": 10,
                    "lineHeight": 18,
                  },
                ]
              }
            >
              Processed Status
            </Text>
            <Text
              style={
                [
                  {
                    "color": "#fff",
                    "fontFamily": "Montserrat_400Regular",
                  },
                  {
                    "fontSize": 14,
                  },
                  {
                    "color": "#606a7b",
                    "fontFamily": "Montserrat_500Medium",
                    "fontSize": 10,
                    "lineHeight": 18,
                  },
                ]
              }
            >
              11:30 AM
            </Text>
          </View>
        </View>
        <View
          style={
            [
              {
                "rowGap": 6,
              },
              undefined,
            ]
          }
        >
          <View
            style={
              [
                {
                  "alignItems": "center",
                  "columnGap": 4,
                  "flexDirection": "row",
                },
                {
                  "justifyContent": "space-between",
                },
              ]
            }
          >
            <Text
              style={
                [
                  {
                    "color": "#fff",
                    "fontFamily": "Montserrat_400Regular",
                  },
                  {
                    "fontSize": 14,
                  },
                  [
                    {
                      "color": "#606a7b",
                      "fontFamily": "Montserrat_500Medium",
                      "fontSize": 10,
                      "lineHeight": 18,
                    },
                    {
                      "color": "#212121",
                      "fontSize": 14,
                      "textTransform": "capitalize",
                    },
                  ],
                ]
              }
            >
              delivered
            </Text>
            <Text
              style={
                [
                  {
                    "color": "#fff",
                    "fontFamily": "Montserrat_400Regular",
                  },
                  {
                    "fontSize": 14,
                  },
                  {
                    "color": "#606a7b",
                    "fontFamily": "Montserrat_500Medium",
                    "fontSize": 10,
                    "lineHeight": 18,
                  },
                ]
              }
            >
              08/05/2019
            </Text>
          </View>
          <View
            style={
              [
                {
                  "alignItems": "center",
                  "columnGap": 4,
                  "flexDirection": "row",
                },
                {
                  "justifyContent": "space-between",
                },
              ]
            }
          >
            <Text
              style={
                [
                  {
                    "color": "#fff",
                    "fontFamily": "Montserrat_400Regular",
                  },
                  {
                    "fontSize": 14,
                  },
                  {
                    "color": "#606a7b",
                    "fontFamily": "Montserrat_500Medium",
                    "fontSize": 10,
                    "lineHeight": 18,
                  },
                ]
              }
            >
              Delivered Status
            </Text>
            <Text
              style={
                [
                  {
                    "color": "#fff",
                    "fontFamily": "Montserrat_400Regular",
                  },
                  {
                    "fontSize": 14,
                  },
                  {
                    "color": "#606a7b",
                    "fontFamily": "Montserrat_500Medium",
                    "fontSize": 10,
                    "lineHeight": 18,
                  },
                ]
              }
            >
              11:30 AM
            </Text>
          </View>
        </View>
      </View>
    </View>
    <View
      style={
        {
          "backgroundColor": "#fff",
          "paddingHorizontal": 18,
          "paddingVertical": 14,
        }
      }
    >
      <Text
        style={
          [
            {
              "color": "#fff",
              "fontFamily": "Montserrat_700Bold",
              "fontSize": 24,
            },
            false,
            {
              "color": "#212121",
              "fontFamily": "Montserrat_600SemiBold",
              "fontSize": 16,
              "lineHeight": 20,
              "textTransform": "capitalize",
            },
          ]
        }
      >
        delivery address
      </Text>
      <View
        style={
          {
            "borderBottomColor": "#0000001a",
            "borderBottomWidth": 0.5,
            "marginLeft": -14,
            "marginTop": 12,
            "width": 750,
          }
        }
      />
      <View
        style={
          {
            "paddingVertical": 12,
            "rowGap": 9,
          }
        }
      >
        <Text
          style={
            [
              {
                "color": "#fff",
                "fontFamily": "Montserrat_400Regular",
              },
              {
                "fontSize": 14,
              },
              [
                {
                  "color": "#606a7b",
                  "fontFamily": "Montserrat_500Medium",
                  "lineHeight": 18,
                },
                {
                  "color": "#212121",
                },
              ],
            ]
          }
        >
          Tradly team
        </Text>
        <Text
          style={
            [
              {
                "color": "#fff",
                "fontFamily": "Montserrat_400Regular",
              },
              {
                "fontSize": 14,
              },
              [
                {
                  "color": "#606a7b",
                  "fontFamily": "Montserrat_500Medium",
                  "lineHeight": 18,
                },
                {
                  "fontSize": 12,
                },
              ],
            ]
          }
        >
          Flat Number 512, Eden Garden, Rewari
        </Text>
        <View
          style={
            {
              "alignItems": "center",
              "columnGap": 4,
              "flexDirection": "row",
            }
          }
        >
          <Text
            style={
              [
                {
                  "color": "#fff",
                  "fontFamily": "Montserrat_400Regular",
                },
                {
                  "fontSize": 14,
                },
                [
                  {
                    "color": "#606a7b",
                    "fontFamily": "Montserrat_500Medium",
                    "lineHeight": 18,
                  },
                  {
                    "fontSize": 12,
                  },
                ],
              ]
            }
          >
            Mobile: 
          </Text>
          <Text
            style={
              [
                {
                  "color": "#fff",
                  "fontFamily": "Montserrat_400Regular",
                },
                {
                  "fontSize": 14,
                },
                [
                  {
                    "color": "#606a7b",
                    "fontFamily": "Montserrat_500Medium",
                    "lineHeight": 18,
                  },
                  {
                    "color": "#212121",
                  },
                  {
                    "fontSize": 12,
                  },
                ],
              ]
            }
          >
            9876543210
          </Text>
        </View>
      </View>
    </View>
    <View
      accessibilityState={
        {
          "busy": undefined,
          "checked": undefined,
          "disabled": undefined,
          "expanded": undefined,
          "selected": undefined,
        }
      }
      accessibilityValue={
        {
          "max": undefined,
          "min": undefined,
          "now": undefined,
          "text": undefined,
        }
      }
      accessible={true}
      collapsable={false}
      focusable={true}
      onClick={[Function]}
      onResponderGrant={[Function]}
      onResponderMove={[Function]}
      onResponderRelease={[Function]}
      onResponderTerminate={[Function]}
      onResponderTerminationRequest={[Function]}
      onStartShouldSetResponder={[Function]}
      style={
        {
          "backgroundColor": "transparent",
          "borderColor": "transparent",
          "borderRadius": 0,
          "borderWidth": 2,
          "marginBottom": 40,
          "marginTop": 16,
          "opacity": 1,
          "paddingVertical": 13,
        }
      }
    >
      <View
        style={
          {
            "alignItems": "center",
            "columnGap": 6,
            "display": "flex",
            "flexDirection": "row",
            "justifyContent": "center",
          }
        }
      >
        <Text
          style={
            [
              {
                "color": "#fff",
                "fontFamily": "Montserrat_400Regular",
              },
              {
                "fontSize": 16,
              },
              [
                {
                  "color": "#000",
                },
                {
                  "fontFamily": "Montserrat_500Medium",
                  "textAlign": "center",
                  "textTransform": "capitalize",
                },
                {
                  "color": "#212121",
                  "fontFamily": "Montserrat_600SemiBold",
                  "fontSize": 14,
                  "lineHeight": 20,
                  "textTransform": "none",
                },
              ],
            ]
          }
        >
          Back to Home
        </Text>
      </View>
    </View>
  </View>
</RCTScrollView>
`;
