// Jest Snapshot v1, https://goo.gl/fbAQLP

exports[`Testing Add Card screen Render screen successfully 1`] = `
[
  <View
    style={
      {
        "backgroundColor": "#f6f9ff",
        "flex": 1,
      }
    }
  >
    <View
      style={
        {
          "backgroundColor": "#f6f9ff",
          "height": 375,
          "paddingHorizontal": 34,
          "width": 750,
        }
      }
    >
      <View
        accessibilityState={
          {
            "busy": undefined,
            "checked": undefined,
            "disabled": undefined,
            "expanded": undefined,
            "selected": undefined,
          }
        }
        accessibilityValue={
          {
            "max": undefined,
            "min": undefined,
            "now": undefined,
            "text": undefined,
          }
        }
        accessible={true}
        collapsable={false}
        focusable={true}
        onClick={[Function]}
        onResponderGrant={[Function]}
        onResponderMove={[Function]}
        onResponderRelease={[Function]}
        onResponderTerminate={[Function]}
        onResponderTerminationRequest={[Function]}
        onStartShouldSetResponder={[Function]}
        style={
          {
            "alignSelf": "center",
            "height": 183,
            "opacity": 1,
            "position": "absolute",
            "top": -15,
            "width": 310,
            "zIndex": 3,
          }
        }
      >
        <View
          accessibilityIgnoresInvertColors={true}
          style={
            [
              {
                "alignItems": "flex-end",
                "alignSelf": "flex-start",
                "borderRadius": 9,
                "columnGap": 17,
                "flexDirection": "row",
                "maxHeight": 146,
                "maxWidth": 246,
                "overflow": "hidden",
                "paddingHorizontal": 17,
                "paddingVertical": 13,
              },
              {
                "alignSelf": "stretch",
                "flex": 1,
                "justifyContent": "space-between",
                "maxHeight": undefined,
                "maxWidth": undefined,
                "paddingRight": 0,
              },
            ]
          }
        >
          <Image
            source={
              {
                "testUri": "../../../assets/payment/normal.png",
              }
            }
            style={
              [
                {
                  "bottom": 0,
                  "left": 0,
                  "position": "absolute",
                  "right": 0,
                  "top": 0,
                },
                {
                  "height": undefined,
                  "width": undefined,
                },
                undefined,
              ]
            }
          />
          <View
            style={
              {
                "height": "100%",
                "justifyContent": "space-between",
              }
            }
          >
            <View>
              <Text
                style={
                  [
                    {
                      "color": "#fff",
                      "fontFamily": "Montserrat_400Regular",
                    },
                    {
                      "fontSize": 14,
                    },
                    {
                      "color": "#b7b7b7",
                      "fontSize": 13,
                      "textTransform": "capitalize",
                    },
                  ]
                }
              >
                holder name
              </Text>
              <Text
                numberOfLines={1}
                style={
                  [
                    {
                      "color": "#fff",
                      "fontFamily": "Montserrat_400Regular",
                    },
                    {
                      "fontSize": 14,
                    },
                    undefined,
                  ]
                }
              />
            </View>
            <View>
              <Text
                style={
                  [
                    {
                      "color": "#fff",
                      "fontFamily": "Montserrat_400Regular",
                    },
                    {
                      "fontSize": 14,
                    },
                    {
                      "color": "#b7b7b7",
                      "fontSize": 13,
                      "textTransform": "capitalize",
                    },
                  ]
                }
              >
                card number
              </Text>
              <Text
                numberOfLines={1}
                style={
                  [
                    {
                      "color": "#fff",
                      "fontFamily": "Montserrat_400Regular",
                    },
                    {
                      "fontSize": 16,
                    },
                    {
                      "width": 167,
                    },
                  ]
                }
              />
            </View>
            <View>
              <Text
                style={
                  [
                    {
                      "color": "#fff",
                      "fontFamily": "Montserrat_400Regular",
                    },
                    {
                      "fontSize": 14,
                    },
                    {
                      "color": "#b7b7b7",
                      "fontSize": 13,
                      "textTransform": "capitalize",
                    },
                  ]
                }
              >
                exp. date
              </Text>
              <Text
                style={
                  [
                    {
                      "color": "#fff",
                      "fontFamily": "Montserrat_400Regular",
                    },
                    {
                      "fontSize": 14,
                    },
                    undefined,
                  ]
                }
              />
            </View>
          </View>
          <View>
            <Text
              style={
                [
                  {
                    "color": "#fff",
                    "fontFamily": "Montserrat_400Regular",
                  },
                  {
                    "fontSize": 14,
                  },
                  [
                    {
                      "color": "#b7b7b7",
                      "fontSize": 13,
                      "textTransform": "capitalize",
                    },
                    {
                      "textTransform": "uppercase",
                    },
                  ],
                ]
              }
            >
              cvc
            </Text>
            <Text
              style={
                [
                  {
                    "color": "#fff",
                    "fontFamily": "Montserrat_400Regular",
                  },
                  {
                    "fontSize": 14,
                  },
                  {
                    "textAlign": "right",
                  },
                ]
              }
            />
          </View>
        </View>
      </View>
    </View>
    <View
      onLayout={[Function]}
      style={
        [
          {
            "backgroundColor": "#fff",
            "flex": 1,
            "paddingHorizontal": 34,
            "paddingTop": 24,
          },
          {
            "paddingBottom": 0,
          },
        ]
      }
    >
      <View>
        <View>
          <Text
            style={
              [
                {
                  "color": "#fff",
                  "fontFamily": "Montserrat_400Regular",
                },
                {
                  "fontSize": 14,
                },
                {
                  "color": "#3a2c3c",
                  "fontFamily": "Montserrat_500Medium",
                },
              ]
            }
          >
            Card Number
          </Text>
          <TextInput
            keyboardType="numeric"
            onBlur={[Function]}
            onChangeText={[Function]}
            onFocus={[Function]}
            style={
              [
                {
                  "borderBottomColor": "#dbdbde",
                  "borderBottomWidth": 0.5,
                  "color": "#000",
                  "fontFamily": "Montserrat_500Medium",
                  "fontSize": 16,
                  "paddingVertical": 5,
                },
                {},
                undefined,
              ]
            }
            value=""
          />
        </View>
        <View
          style={
            {
              "height": 20,
            }
          }
        />
      </View>
      <View>
        <View>
          <Text
            style={
              [
                {
                  "color": "#fff",
                  "fontFamily": "Montserrat_400Regular",
                },
                {
                  "fontSize": 14,
                },
                {
                  "color": "#3a2c3c",
                  "fontFamily": "Montserrat_500Medium",
                },
              ]
            }
          >
            Name
          </Text>
          <TextInput
            onBlur={[Function]}
            onChangeText={[Function]}
            onFocus={[Function]}
            style={
              [
                {
                  "borderBottomColor": "#dbdbde",
                  "borderBottomWidth": 0.5,
                  "color": "#000",
                  "fontFamily": "Montserrat_500Medium",
                  "fontSize": 16,
                  "paddingVertical": 5,
                },
                {},
                undefined,
              ]
            }
            value=""
          />
        </View>
        <View
          style={
            {
              "height": 20,
            }
          }
        />
      </View>
      <View
        style={
          [
            {
              "alignItems": "center",
              "columnGap": 4,
              "flexDirection": "row",
            },
            {
              "columnGap": 30,
            },
          ]
        }
      >
        <View
          style={
            {
              "flex": 3,
            }
          }
        >
          <View>
            <Text
              style={
                [
                  {
                    "color": "#fff",
                    "fontFamily": "Montserrat_400Regular",
                  },
                  {
                    "fontSize": 14,
                  },
                  {
                    "color": "#3a2c3c",
                    "fontFamily": "Montserrat_500Medium",
                  },
                ]
              }
            >
              Expires Dates
            </Text>
            <TextInput
              onBlur={[Function]}
              onChangeText={[Function]}
              onFocus={[Function]}
              style={
                [
                  {
                    "borderBottomColor": "#dbdbde",
                    "borderBottomWidth": 0.5,
                    "color": "#000",
                    "fontFamily": "Montserrat_500Medium",
                    "fontSize": 16,
                    "paddingVertical": 5,
                  },
                  {},
                  undefined,
                ]
              }
              value=""
            />
          </View>
          <View
            style={
              {
                "height": 20,
              }
            }
          />
        </View>
        <View
          style={
            {
              "flex": 2,
            }
          }
        >
          <View>
            <Text
              style={
                [
                  {
                    "color": "#fff",
                    "fontFamily": "Montserrat_400Regular",
                  },
                  {
                    "fontSize": 14,
                  },
                  {
                    "color": "#3a2c3c",
                    "fontFamily": "Montserrat_500Medium",
                  },
                ]
              }
            >
              CVC
            </Text>
            <TextInput
              keyboardType="numeric"
              onBlur={[Function]}
              onChangeText={[Function]}
              onFocus={[Function]}
              secureTextEntry={true}
              style={
                [
                  {
                    "borderBottomColor": "#dbdbde",
                    "borderBottomWidth": 0.5,
                    "color": "#000",
                    "fontFamily": "Montserrat_500Medium",
                    "fontSize": 16,
                    "paddingVertical": 5,
                  },
                  {},
                  undefined,
                ]
              }
              value=""
            />
          </View>
          <View
            style={
              {
                "height": 20,
              }
            }
          />
        </View>
      </View>
    </View>
  </View>,
  <View
    style={
      [
        {
          "paddingHorizontal": 16,
          "paddingVertical": 22,
        },
        {
          "backgroundColor": "#33907C",
          "rowGap": 24,
        },
        {
          "paddingTop": 0,
        },
        [
          {
            "backgroundColor": "#fff",
            "paddingHorizontal": 32,
          },
          {
            "shadowColor": "#000",
            "shadowOffset": {
              "height": 12,
              "width": 0,
            },
            "shadowOpacity": 0.6,
            "shadowRadius": 16,
          },
          {
            "paddingBottom": 12,
            "paddingTop": 12,
          },
          undefined,
        ],
      ]
    }
  >
    <View
      style={
        [
          {
            "alignItems": "center",
            "columnGap": 4,
            "flexDirection": "row",
          },
          {
            "justifyContent": "space-between",
          },
        ]
      }
    >
      <View
        accessibilityState={
          {
            "busy": undefined,
            "checked": undefined,
            "disabled": undefined,
            "expanded": undefined,
            "selected": undefined,
          }
        }
        accessibilityValue={
          {
            "max": undefined,
            "min": undefined,
            "now": undefined,
            "text": undefined,
          }
        }
        accessible={true}
        collapsable={false}
        focusable={true}
        onClick={[Function]}
        onResponderGrant={[Function]}
        onResponderMove={[Function]}
        onResponderRelease={[Function]}
        onResponderTerminate={[Function]}
        onResponderTerminationRequest={[Function]}
        onStartShouldSetResponder={[Function]}
        style={
          {
            "backgroundColor": "#33907C",
            "borderColor": "#33907C",
            "borderRadius": 50,
            "borderWidth": 2,
            "flex": 1,
            "opacity": 1,
            "paddingVertical": 13,
          }
        }
      >
        <View
          style={
            {
              "alignItems": "center",
              "columnGap": 6,
              "display": "flex",
              "flexDirection": "row",
              "justifyContent": "center",
            }
          }
        >
          <Text
            style={
              [
                {
                  "color": "#fff",
                  "fontFamily": "Montserrat_400Regular",
                },
                {
                  "fontSize": 16,
                },
                [
                  {
                    "color": "#fff",
                  },
                  {
                    "fontFamily": "Montserrat_500Medium",
                    "textAlign": "center",
                    "textTransform": "capitalize",
                  },
                  undefined,
                ],
              ]
            }
          >
            Add Credit Card
          </Text>
        </View>
      </View>
    </View>
  </View>,
]
`;
