// Jest Snapshot v1, https://goo.gl/fbAQLP

exports[`Testing Search component Render Search component success 1`] = `
<View
  accessibilityState={
    {
      "busy": undefined,
      "checked": undefined,
      "disabled": undefined,
      "expanded": undefined,
      "selected": undefined,
    }
  }
  accessible={true}
  focusable={true}
  onClick={[Function]}
  onResponderGrant={[Function]}
  onResponderMove={[Function]}
  onResponderRelease={[Function]}
  onResponderTerminate={[Function]}
  onResponderTerminationRequest={[Function]}
  onStartShouldSetResponder={[Function]}
  style={
    {
      "alignItems": "center",
      "backgroundColor": "#fff",
      "borderRadius": 50,
      "columnGap": 20,
      "display": "flex",
      "flexDirection": "row",
      "justifyContent": "center",
      "paddingLeft": 17,
      "paddingVertical": 10,
    }
  }
>
  <Image
    source={
      {
        "testUri": "../../../assets/search.png",
      }
    }
    style={
      {
        "height": 24,
        "resizeMode": "cover",
        "width": 24,
      }
    }
  />
  <TextInput
    onChangeText={[Function]}
    placeholder="my search input"
    placeholderTextColor="#4f4f4f"
    style={
      {
        "color": "#000",
        "flex": 1,
        "fontFamily": "Montserrat_500Medium",
        "fontSize": 14,
      }
    }
    value=""
  />
</View>
`;
