// Jest Snapshot v1, https://goo.gl/fbAQLP

exports[`Testing Picker component Render Picker component success 1`] = `
<View
  style={
    [
      {
        "alignSelf": "flex-start",
      },
      {
        "overflow": "hidden",
      },
    ]
  }
>
  <View
    accessibilityState={
      {
        "busy": undefined,
        "checked": undefined,
        "disabled": undefined,
        "expanded": undefined,
        "selected": undefined,
      }
    }
    accessible={true}
    focusable={true}
    onClick={[Function]}
    onResponderGrant={[Function]}
    onResponderMove={[Function]}
    onResponderRelease={[Function]}
    onResponderTerminate={[Function]}
    onResponderTerminationRequest={[Function]}
    onStartShouldSetResponder={[Function]}
    style={
      [
        {
          "alignItems": "center",
          "columnGap": 4,
          "flexDirection": "row",
        },
        {
          "columnGap": 7,
        },
      ]
    }
  >
    <Text
      style={
        [
          {
            "color": "#fff",
            "fontFamily": "Montserrat_700Bold",
            "fontSize": 24,
          },
          false,
          {
            "fontSize": 18,
            "letterSpacing": -0.4,
            "width": 35,
          },
        ]
      }
    >
      +84
    </Text>
    <Image
      collapsable={false}
      source={
        {
          "testUri": "../../../assets/arrow.png",
        }
      }
      style={
        {
          "transform": [
            {
              "rotateZ": "0deg",
            },
          ],
        }
      }
    />
  </View>
</View>
`;
