// Jest Snapshot v1, https://goo.gl/fbAQLP

exports[`Testing Price component Render component successfully 1`] = `
<View
  style={
    [
      {
        "backgroundColor": "#fff",
        "paddingBottom": 15,
        "paddingHorizontal": 15,
      },
      undefined,
    ]
  }
>
  <Text
    style={
      [
        {
          "color": "#fff",
          "fontFamily": "Montserrat_700Bold",
          "fontSize": 24,
        },
        false,
        [
          {
            "color": "#000",
            "fontFamily": "Montserrat_500Medium",
            "lineHeight": 20,
            "textTransform": "capitalize",
          },
          {
            "fontFamily": "Montserrat_600SemiBold",
            "fontSize": 18,
            "paddingVertical": 14,
          },
        ],
      ]
    }
  >
    price details
  </Text>
  <View
    style={
      [
        {
          "alignItems": "center",
          "columnGap": 4,
          "flexDirection": "row",
        },
        {
          "justifyContent": "space-between",
        },
      ]
    }
  >
    <View
      style={
        {
          "rowGap": 10,
        }
      }
    >
      <Text
        style={
          [
            {
              "color": "#fff",
              "fontFamily": "Montserrat_400Regular",
            },
            {
              "fontSize": 14,
            },
            {
              "color": "#000",
              "fontFamily": "Montserrat_500Medium",
              "lineHeight": 20,
              "textTransform": "capitalize",
            },
          ]
        }
      >
        price (1 item)
      </Text>
      <Text
        style={
          [
            {
              "color": "#fff",
              "fontFamily": "Montserrat_400Regular",
            },
            {
              "fontSize": 14,
            },
            {
              "color": "#000",
              "fontFamily": "Montserrat_500Medium",
              "lineHeight": 20,
              "textTransform": "capitalize",
            },
          ]
        }
      >
        delivery fee
      </Text>
    </View>
    <View
      style={
        [
          {
            "rowGap": 10,
          },
          {
            "alignItems": "flex-end",
          },
        ]
      }
    >
      <Text
        style={
          [
            {
              "color": "#fff",
              "fontFamily": "Montserrat_400Regular",
            },
            {
              "fontSize": 14,
            },
            {
              "color": "#000",
              "fontFamily": "Montserrat_500Medium",
              "lineHeight": 20,
              "textTransform": "capitalize",
            },
          ]
        }
      >
        $25
      </Text>
      <Text
        style={
          [
            {
              "color": "#fff",
              "fontFamily": "Montserrat_400Regular",
            },
            {
              "fontSize": 14,
            },
            {
              "color": "#000",
              "fontFamily": "Montserrat_500Medium",
              "lineHeight": 20,
              "textTransform": "capitalize",
            },
          ]
        }
      >
        info
      </Text>
    </View>
  </View>
  <View
    style={
      {
        "borderBottomColor": "#0000001a",
        "borderBottomWidth": 0.5,
        "marginLeft": -14,
        "marginTop": 24,
        "width": 750,
      }
    }
  />
  <View
    style={
      [
        {
          "alignItems": "center",
          "columnGap": 4,
          "flexDirection": "row",
        },
        {
          "justifyContent": "space-between",
        },
      ]
    }
  >
    <Text
      style={
        [
          {
            "color": "#fff",
            "fontFamily": "Montserrat_700Bold",
            "fontSize": 24,
          },
          false,
          [
            {
              "color": "#000",
              "fontFamily": "Montserrat_500Medium",
              "lineHeight": 20,
              "textTransform": "capitalize",
            },
            {
              "fontFamily": "Montserrat_600SemiBold",
              "fontSize": 18,
              "paddingVertical": 14,
            },
          ],
        ]
      }
    >
      totals
    </Text>
    <Text
      style={
        [
          {
            "color": "#fff",
            "fontFamily": "Montserrat_700Bold",
            "fontSize": 24,
          },
          false,
          [
            {
              "color": "#000",
              "fontFamily": "Montserrat_500Medium",
              "lineHeight": 20,
              "textTransform": "capitalize",
            },
            {
              "fontFamily": "Montserrat_600SemiBold",
              "fontSize": 18,
              "paddingVertical": 14,
            },
            {
              "fontFamily": "Montserrat_700Bold",
            },
          ],
        ]
      }
    >
      $25
    </Text>
  </View>
</View>
`;
